// Jest Snapshot v1, https://goo.gl/fbAQLP

exports[`renders homepage without crashing 1`] = `
<div>
  <div
    class="container"
    data-sb-object-id="125BNkMzYBM2rb7gT9Pfkf"
  >
    <main
      class="main"
    >
      <h1
        class="title"
        data-sb-field-path="title"
      >
        Stackbit Next.js Starter
      </h1>
    </main>
  </div>
</div>
`;
